ID: 92d5952965bdc6e23a19a58a, 名称: CCTV-2, 状态: 有效, 接口: http://ott.fj.chinamobile.com/PLTV/88888888/224/3221225923/index.m3u8, 来源: 订阅源, 协议类型: ipv6, 位置: 中国-北京-北京, 运营商: 中国移动, 延迟: 10 ms, 速率: 4.09 MiB/s, 分辨率: 1920x1080, 帧率: 未知, 视频编解码器: 未知, 音频编解码器: 未知
ID: 02e462ca58aeaf82b8c024a3, 名称: CCTV-3, 状态: 有效, 接口: http://ott.fj.chinamobile.com/PLTV/88888888/224/3221227445/index.m3u8, 来源: 订阅源, 协议类型: ipv6, 位置: 中国-北京-北京, 运营商: 中国移动, 延迟: 16 ms, 速率: 4.16 MiB/s, 分辨率: 1920x1080, 帧率: 25.0, 视频编解码器: hevc, 音频编解码器: aac
ID: 6e454015de97af3153ad4168, 名称: CCTV-5, 状态: 有效, 接口: http://ott.fj.chinamobile.com/PLTV/88888888/224/3221227283/index.m3u8, 来源: 订阅源, 协议类型: ipv6, 位置: 中国-北京-北京, 运营商: 中国移动, 延迟: 10 ms, 速率: 5.79 MiB/s, 分辨率: 1920x1080, 帧率: 未知, 视频编解码器: 未知, 音频编解码器: 未知
ID: ce8d05e8d85b262b846980bf, 名称: CCTV-5, 状态: 有效, 接口: http://ott.fj.chinamobile.com/PLTV/88888888/224/3221227229/index.m3u8, 来源: 订阅源, 协议类型: ipv6, 位置: 中国-北京-北京, 运营商: 中国移动, 延迟: 12 ms, 速率: 2.99 MiB/s, 分辨率: 1920x1080, 帧率: 未知, 视频编解码器: 未知, 音频编解码器: 未知
ID: fb000a703096bef522ab5892, 名称: CCTV-6, 状态: 有效, 接口: http://ott.fj.chinamobile.com/PLTV/88888888/224/3221227260/index.m3u8, 来源: 订阅源, 协议类型: ipv6, 位置: 中国-北京-北京, 运营商: 中国移动, 延迟: 12 ms, 速率: 2.99 MiB/s, 分辨率: 1920x1080, 帧率: 未知, 视频编解码器: 未知, 音频编解码器: 未知
ID: 1c75ea051059dd5728caa41f, 名称: CCTV-7, 状态: 有效, 接口: http://ott.fj.chinamobile.com/PLTV/88888888/224/3221225805/index.m3u8, 来源: 订阅源, 协议类型: ipv6, 位置: 中国-北京-北京, 运营商: 中国移动, 延迟: 14 ms, 速率: 3.07 MiB/s, 分辨率: 1920x1080, 帧率: 25.0, 视频编解码器: h264, 音频编解码器: aac
ID: fa3f67f2e6b661b9f0f70350, 名称: CCTV-9, 状态: 有效, 接口: http://ott.fj.chinamobile.com/PLTV/88888888/224/3221225820/index.m3u8, 来源: 订阅源, 协议类型: ipv6, 位置: 中国-北京-北京, 运营商: 中国移动, 延迟: 11 ms, 速率: 3.05 MiB/s, 分辨率: 1920x1080, 帧率: 25.0, 视频编解码器: h264, 音频编解码器: aac
ID: ac2d8a730029471e71914415, 名称: CCTV-10, 状态: 有效, 接口: http://ott.fj.chinamobile.com/PLTV/88888888/224/3221225931/index.m3u8, 来源: 订阅源, 协议类型: ipv6, 位置: 中国-北京-北京, 运营商: 中国移动, 延迟: 10 ms, 速率: 4.05 MiB/s, 分辨率: 1920x1080, 帧率: 未知, 视频编解码器: 未知, 音频编解码器: 未知
ID: fc0500ebb0f33a7fbe044399, 名称: CCTV-11, 状态: 有效, 接口: http://183.251.61.207/PLTV/88888888/224/3221225815/index.m3u8, 来源: 订阅源, 协议类型: ipv4, 位置: 中国-福建, 运营商: 移动, 延迟: 17 ms, 速率: 1.24 MiB/s, 分辨率: 1920x1080, 帧率: 未知, 视频编解码器: 未知, 音频编解码器: 未知
ID: e7b9c5cc108b1e44b972d426, 名称: CCTV-11, 状态: 有效, 接口: http://ott.fj.chinamobile.com/PLTV/88888888/224/3221225815/index.m3u8, 来源: 订阅源, 协议类型: ipv6, 位置: 中国-北京-北京, 运营商: 中国移动, 延迟: 12 ms, 速率: 4.05 MiB/s, 分辨率: 1920x1080, 帧率: 25.0, 视频编解码器: hevc, 音频编解码器: aac
ID: 140b122126236c6d4dd89ac9, 名称: CCTV-12, 状态: 有效, 接口: http://ott.fj.chinamobile.com/PLTV/88888888/224/3221225932/index.m3u8, 来源: 订阅源, 协议类型: ipv6, 位置: 中国-北京-北京, 运营商: 中国移动, 延迟: 10 ms, 速率: 4.07 MiB/s, 分辨率: 1920x1080, 帧率: 未知, 视频编解码器: 未知, 音频编解码器: 未知
ID: eba94a823b1f06a9367a0dbc, 名称: CCTV-15, 状态: 有效, 接口: http://ott.fj.chinamobile.com/PLTV/88888888/224/3221225818/index.m3u8, 来源: 订阅源, 协议类型: ipv6, 位置: 中国-北京-北京, 运营商: 中国移动, 延迟: 16 ms, 速率: 4.10 MiB/s, 分辨率: 1920x1080, 帧率: 未知, 视频编解码器: 未知, 音频编解码器: 未知
ID: a3dea50de1a7af57c258cae0, 名称: CCTV-15, 状态: 有效, 接口: http://ott.fj.chinamobile.com/PLTV/88888888/224/3221227270/index.m3u8, 来源: 订阅源, 协议类型: ipv6, 位置: 中国-北京-北京, 运营商: 中国移动, 延迟: 11 ms, 速率: 2.96 MiB/s, 分辨率: 1920x1080, 帧率: 未知, 视频编解码器: 未知, 音频编解码器: 未知
ID: 804e08965f5751fc4d625541, 名称: CCTV-16, 状态: 有效, 接口: http://ott.fj.chinamobile.com/PLTV/88888888/224/3221227162/index.m3u8, 来源: 订阅源, 协议类型: ipv6, 位置: 中国-北京-北京, 运营商: 中国移动, 延迟: 16 ms, 速率: 11.24 MiB/s, 分辨率: 3840x2160, 帧率: 25.0, 视频编解码器: h264, 音频编解码器: aac
ID: 82f0facbc69e896a1eba8dfa, 名称: CCTV-17, 状态: 有效, 接口: http://ott.fj.chinamobile.com/PLTV/88888888/224/3221226986/index.m3u8, 来源: 订阅源, 协议类型: ipv6, 位置: 中国-北京-北京, 运营商: 中国移动, 延迟: 12 ms, 速率: 4.12 MiB/s, 分辨率: 1920x1080, 帧率: 未知, 视频编解码器: 未知, 音频编解码器: 未知
ID: f7c56086e4b2160c269e7889, 名称: CETV-4, 状态: 有效, 接口: http://ott.fj.chinamobile.com/PLTV/88888888/224/3221227192/index.m3u8, 来源: 订阅源, 协议类型: ipv6, 位置: 中国-北京-北京, 运营商: 中国移动, 延迟: 18 ms, 速率: 7.16 MiB/s, 分辨率: 1920x1080, 帧率: 未知, 视频编解码器: 未知, 音频编解码器: 未知
ID: d8ac39f6297d4c073690dfc4, 名称: 广东卫视, 状态: 有效, 接口: http://ott.fj.chinamobile.com/PLTV/88888888/224/3221227164/index.m3u8, 来源: 订阅源, 协议类型: ipv6, 位置: 中国-北京-北京, 运营商: 中国移动, 延迟: 13 ms, 速率: 7.60 MiB/s, 分辨率: 1920x1080, 帧率: 未知, 视频编解码器: 未知, 音频编解码器: 未知
ID: 87356fb7812a5ee9ec5c1896, 名称: 浙江卫视, 状态: 有效, 接口: http://ali-m-l.cztv.com/channels/lantian/channel001/1080p.m3u8, 来源: 订阅源, 协议类型: ipv4, 位置: 中国-江苏, 运营商: 移动, 延迟: 30 ms, 速率: 16.20 MiB/s, 分辨率: 1920x1080, 帧率: 未知, 视频编解码器: 未知, 音频编解码器: 未知
ID: 3e20e801ab50a881faa8e0dd, 名称: 浙江卫视, 状态: 有效, 接口: http://ott.fj.chinamobile.com/PLTV/88888888/224/3221227193/index.m3u8, 来源: 订阅源, 协议类型: ipv6, 位置: 中国-北京-北京, 运营商: 中国移动, 延迟: 11 ms, 速率: 7.29 MiB/s, 分辨率: 1920x1080, 帧率: 未知, 视频编解码器: 未知, 音频编解码器: 未知
ID: e515b3626dac8d42d8eec56c, 名称: 浙江卫视, 状态: 有效, 接口: http://ott.fj.chinamobile.com/PLTV/88888888/224/3221225825/index.m3u8, 来源: 订阅源, 协议类型: ipv6, 位置: 中国-北京-北京, 运营商: 中国移动, 延迟: 13 ms, 速率: 2.99 MiB/s, 分辨率: 1920x1080, 帧率: 未知, 视频编解码器: 未知, 音频编解码器: 未知
ID: 6833f77050c3cf784c1c165c, 名称: 湖南卫视, 状态: 有效, 接口: http://hlsal-ldvt.qing.mgtv.com/nn_live/nn_x64/dWlwPTEyNy4wLjAuMSZ1aWQ9cWluZy1jbXMmbm5fdGltZXpvbmU9OCZjZG5leF9pZD1hbF9obHNfbGR2dCZ1dWlkPTliODY4NmU5ZTM2YzYwMmMmZT02OTE0NjA0JnY9MSZpZD1ITldTWkdTVCZzPTcwN2RiYTc2YzJjNmJmMTQ4MmUyZGYzOWU2NWM3YWFi/HNWSZGST.m3u8, 来源: 订阅源, 协议类型: ipv4, 位置: 中国-福建-南平, 运营商: 移动, 延迟: 13 ms, 速率: 20.90 MiB/s, 分辨率: 3840x2160, 帧率: 未知, 视频编解码器: 未知, 音频编解码器: 未知
ID: 038c4b9aa99d94d3251916f3, 名称: 北京卫视, 状态: 有效, 接口: http://ott.fj.chinamobile.com/PLTV/88888888/224/3221227246/index.m3u8, 来源: 订阅源, 协议类型: ipv6, 位置: 中国-北京-北京, 运营商: 中国移动, 延迟: 13 ms, 速率: 7.21 MiB/s, 分辨率: 1920x1080, 帧率: 未知, 视频编解码器: 未知, 音频编解码器: 未知
ID: 92b261de74772cf75ba28f54, 名称: 北京卫视, 状态: 有效, 接口: http://ott.fj.chinamobile.com/PLTV/88888888/224/3221225826/index.m3u8, 来源: 订阅源, 协议类型: ipv6, 位置: 中国-北京-北京, 运营商: 中国移动, 延迟: 12 ms, 速率: 3.05 MiB/s, 分辨率: 1920x1080, 帧率: 未知, 视频编解码器: 未知, 音频编解码器: 未知
ID: c406b78539d440e53707f039, 名称: 湖北卫视, 状态: 有效, 接口: http://ott.fj.chinamobile.com/PLTV/88888888/224/3221227111/index.m3u8, 来源: 订阅源, 协议类型: ipv6, 位置: 中国-北京-北京, 运营商: 中国移动, 延迟: 12 ms, 速率: 7.38 MiB/s, 分辨率: 1920x1080, 帧率: 25.0, 视频编解码器: h264, 音频编解码器: aac
ID: 1dc1e3d9f74a1b75f3217a6e, 名称: 黑龙江卫视, 状态: 有效, 接口: http://ott.fj.chinamobile.com/PLTV/88888888/224/3221227197/index.m3u8, 来源: 订阅源, 协议类型: ipv6, 位置: 中国-北京-北京, 运营商: 中国移动, 延迟: 13 ms, 速率: 5.88 MiB/s, 分辨率: 1920x1080, 帧率: 未知, 视频编解码器: 未知, 音频编解码器: 未知
ID: 3e835fffa6c9a6311c4959ff, 名称: 安徽卫视, 状态: 有效, 接口: http://ott.fj.chinamobile.com/PLTV/88888888/224/3221227178/index.m3u8, 来源: 订阅源, 协议类型: ipv6, 位置: 中国-北京-北京, 运营商: 中国移动, 延迟: 10 ms, 速率: 7.30 MiB/s, 分辨率: 1920x1080, 帧率: 25.0, 视频编解码器: h264, 音频编解码器: aac
ID: 5eea5f4827dc0531d3fdcaeb, 名称: 重庆卫视, 状态: 有效, 接口: http://ott.fj.chinamobile.com/PLTV/88888888/224/3221227240/index.m3u8, 来源: 订阅源, 协议类型: ipv6, 位置: 中国-北京-北京, 运营商: 中国移动, 延迟: 14 ms, 速率: 7.51 MiB/s, 分辨率: 1920x1080, 帧率: 未知, 视频编解码器: 未知, 音频编解码器: 未知
ID: 8a35997916fd09ec5a80b6a3, 名称: 东方卫视, 状态: 有效, 接口: http://ott.fj.chinamobile.com/PLTV/88888888/224/3221225828/index.m3u8, 来源: 订阅源, 协议类型: ipv6, 位置: 中国-北京-北京, 运营商: 中国移动, 延迟: 13 ms, 速率: 3.03 MiB/s, 分辨率: 1920x1080, 帧率: 25.0, 视频编解码器: h264, 音频编解码器: aac
ID: b1349a0e1152b7b077533d29, 名称: 东南卫视, 状态: 有效, 接口: http://ott.fj.chinamobile.com/PLTV/88888888/224/3221227156/index.m3u8, 来源: 订阅源, 协议类型: ipv6, 位置: 中国-北京-北京, 运营商: 中国移动, 延迟: 9 ms, 速率: 7.41 MiB/s, 分辨率: 1920x1080, 帧率: 未知, 视频编解码器: 未知, 音频编解码器: 未知
ID: db046db9d0c0a67276e0d6d0, 名称: 贵州卫视, 状态: 有效, 接口: http://ott.fj.chinamobile.com/PLTV/88888888/224/3221227201/index.m3u8, 来源: 订阅源, 协议类型: ipv6, 位置: 中国-北京-北京, 运营商: 中国移动, 延迟: 12 ms, 速率: 7.57 MiB/s, 分辨率: 1920x1080, 帧率: 未知, 视频编解码器: 未知, 音频编解码器: 未知
ID: 60e3ae16894eecfb639793c6, 名称: 海南卫视, 状态: 有效, 接口: http://ott.fj.chinamobile.com/PLTV/88888888/224/3221227216/index.m3u8, 来源: 订阅源, 协议类型: ipv6, 位置: 中国-北京-北京, 运营商: 中国移动, 延迟: 14 ms, 速率: 7.36 MiB/s, 分辨率: 1920x1080, 帧率: 未知, 视频编解码器: 未知, 音频编解码器: 未知
ID: 4387484d9171130fca819a3d, 名称: 河北卫视, 状态: 有效, 接口: https://event.pull.hebtv.com/live/live101.m3u8, 来源: 订阅源, 协议类型: ipv6, 位置: 中国-四川, 运营商: 中国移动, 延迟: 69 ms, 速率: 15.94 MiB/s, 分辨率: 3840x2160, 帧率: 未知, 视频编解码器: 未知, 音频编解码器: 未知
ID: dc8d3e125dd56aec9f36c78c, 名称: 吉林卫视, 状态: 有效, 接口: http://ott.fj.chinamobile.com/PLTV/88888888/224/3221227099/index.m3u8, 来源: 订阅源, 协议类型: ipv6, 位置: 中国-北京-北京, 运营商: 中国移动, 延迟: 12 ms, 速率: 7.47 MiB/s, 分辨率: 1920x1080, 帧率: 未知, 视频编解码器: 未知, 音频编解码器: 未知
ID: cd76c2c0c1c9e6948501bdba, 名称: 江苏卫视, 状态: 有效, 接口: http://ott.fj.chinamobile.com/PLTV/88888888/224/3221227160/index.m3u8, 来源: 订阅源, 协议类型: ipv6, 位置: 中国-北京-北京, 运营商: 中国移动, 延迟: 13 ms, 速率: 7.34 MiB/s, 分辨率: 1920x1080, 帧率: 未知, 视频编解码器: 未知, 音频编解码器: 未知
ID: fc7e3624d7bdf986d0d97c21, 名称: 辽宁卫视, 状态: 有效, 接口: http://ott.fj.chinamobile.com/PLTV/88888888/224/3221227141/index.m3u8, 来源: 订阅源, 协议类型: ipv6, 位置: 中国-北京-北京, 运营商: 中国移动, 延迟: 12 ms, 速率: 7.15 MiB/s, 分辨率: 1920x1080, 帧率: 未知, 视频编解码器: 未知, 音频编解码器: 未知
ID: bb3d8b76af9a79076fdf2ce1, 名称: 江西卫视, 状态: 有效, 接口: http://ott.fj.chinamobile.com/PLTV/88888888/224/3221225834/index.m3u8, 来源: 订阅源, 协议类型: ipv6, 位置: 中国-北京-北京, 运营商: 中国移动, 延迟: 13 ms, 速率: 3.04 MiB/s, 分辨率: 1920x1080, 帧率: 25.0, 视频编解码器: h264, 音频编解码器: aac
ID: 7cbf84a683bb321497c24483, 名称: 内蒙古卫视, 状态: 有效, 接口: http://ott.fj.chinamobile.com/PLTV/88888888/224/3221225846/index.m3u8, 来源: 订阅源, 协议类型: ipv6, 位置: 中国-北京-北京, 运营商: 中国移动, 延迟: 12 ms, 速率: 1.25 MiB/s, 分辨率: 1920x1080, 帧率: 25.0, 视频编解码器: h264, 音频编解码器: aac
ID: cc295105443d13e95508b058, 名称: 青海卫视, 状态: 有效, 接口: http://ott.fj.chinamobile.com/PLTV/88888888/224/3221227119/index.m3u8, 来源: 订阅源, 协议类型: ipv6, 位置: 中国-北京-北京, 运营商: 中国移动, 延迟: 13 ms, 速率: 6.62 MiB/s, 分辨率: 1920x1080, 帧率: 25.0, 视频编解码器: h264, 音频编解码器: aac
ID: f371864ee2430222d5d3674f, 名称: 山东卫视, 状态: 有效, 接口: http://ott.fj.chinamobile.com/PLTV/88888888/224/3221227236/index.m3u8, 来源: 订阅源, 协议类型: ipv6, 位置: 中国-北京-北京, 运营商: 中国移动, 延迟: 11 ms, 速率: 7.42 MiB/s, 分辨率: 1920x1080, 帧率: 未知, 视频编解码器: 未知, 音频编解码器: 未知
ID: 2288b7768cb47467f12610cb, 名称: 陕西卫视, 状态: 有效, 接口: http://ott.fj.chinamobile.com/PLTV/88888888/224/3221225850/index.m3u8, 来源: 订阅源, 协议类型: ipv6, 位置: 中国-北京-北京, 运营商: 中国移动, 延迟: 13 ms, 速率: 2.97 MiB/s, 分辨率: 1920x1080, 帧率: 未知, 视频编解码器: 未知, 音频编解码器: 未知
ID: ebb52bbaf747efa7718bb55c, 名称: 四川卫视, 状态: 有效, 接口: http://ott.fj.chinamobile.com/PLTV/88888888/224/3221227182/index.m3u8, 来源: 订阅源, 协议类型: ipv6, 位置: 中国-北京-北京, 运营商: 中国移动, 延迟: 12 ms, 速率: 7.13 MiB/s, 分辨率: 1920x1080, 帧率: 25.0, 视频编解码器: h264, 音频编解码器: aac
ID: ea9330a6923fa40d46caf064, 名称: 深圳卫视, 状态: 有效, 接口: http://ott.fj.chinamobile.com/PLTV/88888888/224/3221227489/index.m3u8, 来源: 订阅源, 协议类型: ipv6, 位置: 中国-北京-北京, 运营商: 中国移动, 延迟: 9 ms, 速率: 14.55 MiB/s, 分辨率: 3840x2160, 帧率: 未知, 视频编解码器: 未知, 音频编解码器: 未知
ID: a2a37a5dde33f03fc5b592e8, 名称: 三沙卫视, 状态: 有效, 接口: http://ott.fj.chinamobile.com/PLTV/88888888/224/3221227172/index.m3u8, 来源: 订阅源, 协议类型: ipv6, 位置: 中国-北京-北京, 运营商: 中国移动, 延迟: 12 ms, 速率: 7.04 MiB/s, 分辨率: 1920x1080, 帧率: 未知, 视频编解码器: 未知, 音频编解码器: 未知
ID: 78d7fa8cbb87842247965255, 名称: 天津卫视, 状态: 有效, 接口: http://ott.fj.chinamobile.com/PLTV/88888888/224/3221225830/index.m3u8, 来源: 订阅源, 协议类型: ipv6, 位置: 中国-北京-北京, 运营商: 中国移动, 延迟: 12 ms, 速率: 3.00 MiB/s, 分辨率: 1920x1080, 帧率: 未知, 视频编解码器: 未知, 音频编解码器: 未知
ID: 1624d44a6238cbd4c1d54659, 名称: 广州综合, 状态: 有效, 接口: https://tencentplaybusiness.gztv.com/live/zonghes.m3u8, 来源: 订阅源, 协议类型: ipv4, 位置: 中国-福建-南平, 运营商: 移动, 延迟: 20 ms, 速率: 11.98 MiB/s, 分辨率: 1280x720, 帧率: 未知, 视频编解码器: 未知, 音频编解码器: 未知
ID: 2ba9433498ba72bb2926e91b, 名称: 广州综合, 状态: 有效, 接口: http://tencentplay.gztv.com/live/zonghes.m3u8?txSecret=%2A%2A%2A&txTime=18d3c4690e8, 来源: 订阅源, 协议类型: ipv4, 位置: 中国-福建-厦门, 运营商: 移动, 延迟: 17 ms, 速率: 13.85 MiB/s, 分辨率: 1280x720, 帧率: 未知, 视频编解码器: 未知, 音频编解码器: 未知
ID: 1581d49c5abd650677046916, 名称: 福建新闻, 状态: 有效, 接口: http://ott.fj.chinamobile.com/PLTV/88888888/224/3221227180/index.m3u8, 来源: 订阅源, 协议类型: ipv6, 位置: 中国-北京-北京, 运营商: 中国移动, 延迟: 16 ms, 速率: 7.16 MiB/s, 分辨率: 1920x1080, 帧率: 未知, 视频编解码器: 未知, 音频编解码器: 未知
ID: e19bb0470b8b418685c846dd, 名称: 福建少儿, 状态: 有效, 接口: http://ott.fj.chinamobile.com/PLTV/88888888/224/3221227194/index.m3u8, 来源: 订阅源, 协议类型: ipv6, 位置: 中国-北京-北京, 运营商: 中国移动, 延迟: 15 ms, 速率: 7.31 MiB/s, 分辨率: 1920x1080, 帧率: 未知, 视频编解码器: 未知, 音频编解码器: 未知
ID: 812d7fa88ef1fb650dd312e1, 名称: 福建教育, 状态: 有效, 接口: http://ott.fj.chinamobile.com/PLTV/88888888/224/3221227202/index.m3u8, 来源: 订阅源, 协议类型: ipv6, 位置: 中国-北京-北京, 运营商: 中国移动, 延迟: 13 ms, 速率: 7.08 MiB/s, 分辨率: 1920x1080, 帧率: 未知, 视频编解码器: 未知, 音频编解码器: 未知
