分类: 📺央视频道, 名称: CCTV-3, 有效: 0, IPv4: 0, IPv6: 2, 最小延迟: — ms, 最高速率: 0.00 MiB/s, 平均速率: 0.00 MiB/s, 最高分辨率: 1920x1080, 平均帧率: 未知, 视频编解码器: 未知, 音频编解码器: 未知
分类: 📺央视频道, 名称: CCTV-2, 有效: 0, IPv4: 0, IPv6: 2, 最小延迟: — ms, 最高速率: 0.00 MiB/s, 平均速率: 0.00 MiB/s, 最高分辨率: 1920x1080, 平均帧率: 未知, 视频编解码器: 未知, 音频编解码器: 未知
分类: 📺央视频道, 名称: CCTV-5, 有效: 0, IPv4: 0, IPv6: 3, 最小延迟: — ms, 最高速率: 0.00 MiB/s, 平均速率: 0.00 MiB/s, 最高分辨率: 1920x1080, 平均帧率: 未知, 视频编解码器: 未知, 音频编解码器: 未知
分类: 📺央视频道, 名称: CCTV-1, 有效: 1, IPv4: 0, IPv6: 2, 最小延迟: 9 ms, 最高速率: 3.00 MiB/s, 平均速率: 3.00 MiB/s, 最高分辨率: 1920x1080, 平均帧率: 未知, 视频编解码器: 未知, 音频编解码器: 未知
分类: 📺央视频道, 名称: CCTV-4, 有效: 1, IPv4: 0, IPv6: 2, 最小延迟: 10 ms, 最高速率: 3.06 MiB/s, 平均速率: 3.06 MiB/s, 最高分辨率: 1920x1080, 平均帧率: 未知, 视频编解码器: 未知, 音频编解码器: 未知
分类: 📺央视频道, 名称: CCTV-5+, 有效: 0, IPv4: 0, IPv6: 1, 最小延迟: — ms, 最高速率: 0.00 MiB/s, 平均速率: 0.00 MiB/s, 最高分辨率: —, 平均帧率: 未知, 视频编解码器: 未知, 音频编解码器: 未知
分类: 📺央视频道, 名称: CCTV-6, 有效: 1, IPv4: 0, IPv6: 3, 最小延迟: 17 ms, 最高速率: 3.01 MiB/s, 平均速率: 3.01 MiB/s, 最高分辨率: 1920x1080, 平均帧率: 未知, 视频编解码器: 未知, 音频编解码器: 未知
分类: 📺央视频道, 名称: CCTV-7, 有效: 1, IPv4: 0, IPv6: 2, 最小延迟: 85 ms, 最高速率: 3.76 MiB/s, 平均速率: 3.76 MiB/s, 最高分辨率: 1920x1080, 平均帧率: 未知, 视频编解码器: 未知, 音频编解码器: 未知
分类: 📺央视频道, 名称: CCTV-8, 有效: 0, IPv4: 0, IPv6: 1, 最小延迟: — ms, 最高速率: 0.00 MiB/s, 平均速率: 0.00 MiB/s, 最高分辨率: —, 平均帧率: 未知, 视频编解码器: 未知, 音频编解码器: 未知
分类: 📺央视频道, 名称: CCTV-10, 有效: 0, IPv4: 0, IPv6: 2, 最小延迟: — ms, 最高速率: 0.00 MiB/s, 平均速率: 0.00 MiB/s, 最高分辨率: 1920x1080, 平均帧率: 未知, 视频编解码器: 未知, 音频编解码器: 未知
分类: 📺央视频道, 名称: CCTV-9, 有效: 0, IPv4: 0, IPv6: 2, 最小延迟: — ms, 最高速率: 0.00 MiB/s, 平均速率: 0.00 MiB/s, 最高分辨率: 1920x1080, 平均帧率: 25.0, 视频编解码器: 未知, 音频编解码器: 未知
分类: 📺央视频道, 名称: CCTV-11, 有效: 1, IPv4: 1, IPv6: 1, 最小延迟: 18 ms, 最高速率: 1.22 MiB/s, 平均速率: 1.22 MiB/s, 最高分辨率: 1920x1080, 平均帧率: 未知, 视频编解码器: 未知, 音频编解码器: 未知
分类: 📺央视频道, 名称: CCTV-12, 有效: 0, IPv4: 0, IPv6: 2, 最小延迟: — ms, 最高速率: 0.00 MiB/s, 平均速率: 0.00 MiB/s, 最高分辨率: 1920x1080, 平均帧率: 未知, 视频编解码器: 未知, 音频编解码器: 未知
分类: 📺央视频道, 名称: CCTV-13, 有效: 1, IPv4: 1, IPv6: 2, 最小延迟: 11 ms, 最高速率: 3.03 MiB/s, 平均速率: 3.03 MiB/s, 最高分辨率: 1920x1080, 平均帧率: 未知, 视频编解码器: 未知, 音频编解码器: 未知
分类: 📺央视频道, 名称: CCTV-14, 有效: 0, IPv4: 0, IPv6: 1, 最小延迟: — ms, 最高速率: 0.00 MiB/s, 平均速率: 0.00 MiB/s, 最高分辨率: —, 平均帧率: 未知, 视频编解码器: 未知, 音频编解码器: 未知
分类: 📺央视频道, 名称: CCTV-16, 有效: 0, IPv4: 0, IPv6: 2, 最小延迟: — ms, 最高速率: 0.00 MiB/s, 平均速率: 0.00 MiB/s, 最高分辨率: 1920x1080, 平均帧率: 未知, 视频编解码器: 未知, 音频编解码器: 未知
分类: 📺央视频道, 名称: CCTV-17, 有效: 0, IPv4: 0, IPv6: 2, 最小延迟: — ms, 最高速率: 0.00 MiB/s, 平均速率: 0.00 MiB/s, 最高分辨率: 1920x1080, 平均帧率: 未知, 视频编解码器: 未知, 音频编解码器: 未知
分类: 📺央视频道, 名称: CCTV-15, 有效: 1, IPv4: 0, IPv6: 3, 最小延迟: 12 ms, 最高速率: 3.00 MiB/s, 平均速率: 3.00 MiB/s, 最高分辨率: 1920x1080, 平均帧率: 未知, 视频编解码器: 未知, 音频编解码器: 未知
分类: 📺央视频道, 名称: CETV-1, 有效: 0, IPv4: 1, IPv6: 1, 最小延迟: — ms, 最高速率: 0.00 MiB/s, 平均速率: 0.00 MiB/s, 最高分辨率: —, 平均帧率: 未知, 视频编解码器: 未知, 音频编解码器: 未知
分类: 📺央视频道, 名称: CETV-2, 有效: 0, IPv4: 1, IPv6: 1, 最小延迟: — ms, 最高速率: 0.00 MiB/s, 平均速率: 0.00 MiB/s, 最高分辨率: —, 平均帧率: 未知, 视频编解码器: 未知, 音频编解码器: 未知
分类: 📺央视频道, 名称: CETV-3, 有效: 0, IPv4: 0, IPv6: 1, 最小延迟: — ms, 最高速率: 0.00 MiB/s, 平均速率: 0.00 MiB/s, 最高分辨率: —, 平均帧率: 未知, 视频编解码器: 未知, 音频编解码器: 未知
分类: 📺央视频道, 名称: CETV-4, 有效: 1, IPv4: 0, IPv6: 2, 最小延迟: 11 ms, 最高速率: 7.10 MiB/s, 平均速率: 7.10 MiB/s, 最高分辨率: 1920x1080, 平均帧率: 未知, 视频编解码器: 未知, 音频编解码器: 未知
分类: 📡卫视频道, 名称: 广东卫视, 有效: 1, IPv4: 0, IPv6: 2, 最小延迟: 25 ms, 最高速率: 7.38 MiB/s, 平均速率: 7.38 MiB/s, 最高分辨率: 1920x1080, 平均帧率: 未知, 视频编解码器: 未知, 音频编解码器: 未知
分类: 📡卫视频道, 名称: 浙江卫视, 有效: 1, IPv4: 1, IPv6: 1, 最小延迟: 44 ms, 最高速率: 9.07 MiB/s, 平均速率: 9.07 MiB/s, 最高分辨率: 1920x1080, 平均帧率: 未知, 视频编解码器: 未知, 音频编解码器: 未知
分类: 📡卫视频道, 名称: 湖南卫视, 有效: 1, IPv4: 1, IPv6: 1, 最小延迟: 25 ms, 最高速率: 10.86 MiB/s, 平均速率: 10.86 MiB/s, 最高分辨率: 3840x2160, 平均帧率: 未知, 视频编解码器: 未知, 音频编解码器: 未知
分类: 📡卫视频道, 名称: 北京卫视, 有效: 0, IPv4: 0, IPv6: 2, 最小延迟: — ms, 最高速率: 0.00 MiB/s, 平均速率: 0.00 MiB/s, 最高分辨率: 1920x1080, 平均帧率: 未知, 视频编解码器: 未知, 音频编解码器: 未知
分类: 📡卫视频道, 名称: 湖北卫视, 有效: 0, IPv4: 0, IPv6: 2, 最小延迟: — ms, 最高速率: 0.00 MiB/s, 平均速率: 0.00 MiB/s, 最高分辨率: 1920x1080, 平均帧率: 未知, 视频编解码器: 未知, 音频编解码器: 未知
分类: 📡卫视频道, 名称: 黑龙江卫视, 有效: 1, IPv4: 0, IPv6: 2, 最小延迟: 12 ms, 最高速率: 5.77 MiB/s, 平均速率: 5.77 MiB/s, 最高分辨率: 1920x1080, 平均帧率: 未知, 视频编解码器: 未知, 音频编解码器: 未知
分类: 📡卫视频道, 名称: 安徽卫视, 有效: 1, IPv4: 0, IPv6: 2, 最小延迟: 11 ms, 最高速率: 3.00 MiB/s, 平均速率: 3.00 MiB/s, 最高分辨率: 1920x1080, 平均帧率: 未知, 视频编解码器: 未知, 音频编解码器: 未知
分类: 📡卫视频道, 名称: 重庆卫视, 有效: 0, IPv4: 0, IPv6: 2, 最小延迟: — ms, 最高速率: 0.00 MiB/s, 平均速率: 0.00 MiB/s, 最高分辨率: 1920x1080, 平均帧率: 未知, 视频编解码器: 未知, 音频编解码器: 未知
分类: 📡卫视频道, 名称: 东方卫视, 有效: 0, IPv4: 0, IPv6: 2, 最小延迟: — ms, 最高速率: 0.00 MiB/s, 平均速率: 0.00 MiB/s, 最高分辨率: 1920x1080, 平均帧率: 未知, 视频编解码器: 未知, 音频编解码器: 未知
分类: 📡卫视频道, 名称: 东南卫视, 有效: 1, IPv4: 0, IPv6: 2, 最小延迟: 12 ms, 最高速率: 7.26 MiB/s, 平均速率: 7.26 MiB/s, 最高分辨率: 1920x1080, 平均帧率: 未知, 视频编解码器: 未知, 音频编解码器: 未知
分类: 📡卫视频道, 名称: 甘肃卫视, 有效: 0, IPv4: 0, IPv6: 1, 最小延迟: — ms, 最高速率: 0.00 MiB/s, 平均速率: 0.00 MiB/s, 最高分辨率: —, 平均帧率: 未知, 视频编解码器: 未知, 音频编解码器: 未知
分类: 📡卫视频道, 名称: 广西卫视, 有效: 0, IPv4: 0, IPv6: 1, 最小延迟: — ms, 最高速率: 0.00 MiB/s, 平均速率: 0.00 MiB/s, 最高分辨率: —, 平均帧率: 未知, 视频编解码器: 未知, 音频编解码器: 未知
分类: 📡卫视频道, 名称: 贵州卫视, 有效: 1, IPv4: 0, IPv6: 2, 最小延迟: 13 ms, 最高速率: 7.61 MiB/s, 平均速率: 7.61 MiB/s, 最高分辨率: 1920x1080, 平均帧率: 未知, 视频编解码器: 未知, 音频编解码器: 未知
分类: 📡卫视频道, 名称: 海南卫视, 有效: 0, IPv4: 0, IPv6: 2, 最小延迟: — ms, 最高速率: 0.00 MiB/s, 平均速率: 0.00 MiB/s, 最高分辨率: 1920x1080, 平均帧率: 未知, 视频编解码器: 未知, 音频编解码器: 未知
分类: 📡卫视频道, 名称: 吉林卫视, 有效: 0, IPv4: 0, IPv6: 2, 最小延迟: — ms, 最高速率: 0.00 MiB/s, 平均速率: 0.00 MiB/s, 最高分辨率: 1920x1080, 平均帧率: 未知, 视频编解码器: 未知, 音频编解码器: 未知
分类: 📡卫视频道, 名称: 河北卫视, 有效: 1, IPv4: 0, IPv6: 2, 最小延迟: 154 ms, 最高速率: 8.17 MiB/s, 平均速率: 8.17 MiB/s, 最高分辨率: 3840x2160, 平均帧率: 未知, 视频编解码器: 未知, 音频编解码器: 未知
分类: 📡卫视频道, 名称: 江苏卫视, 有效: 1, IPv4: 0, IPv6: 2, 最小延迟: 16 ms, 最高速率: 7.31 MiB/s, 平均速率: 7.31 MiB/s, 最高分辨率: 1920x1080, 平均帧率: 未知, 视频编解码器: 未知, 音频编解码器: 未知
分类: 📡卫视频道, 名称: 江西卫视, 有效: 1, IPv4: 0, IPv6: 2, 最小延迟: 19 ms, 最高速率: 7.33 MiB/s, 平均速率: 7.33 MiB/s, 最高分辨率: 1920x1080, 平均帧率: 未知, 视频编解码器: 未知, 音频编解码器: 未知
分类: 📡卫视频道, 名称: 辽宁卫视, 有效: 0, IPv4: 0, IPv6: 2, 最小延迟: — ms, 最高速率: 0.00 MiB/s, 平均速率: 0.00 MiB/s, 最高分辨率: 1920x1080, 平均帧率: 未知, 视频编解码器: 未知, 音频编解码器: 未知
分类: 📡卫视频道, 名称: 内蒙古卫视, 有效: 0, IPv4: 0, IPv6: 2, 最小延迟: — ms, 最高速率: 0.00 MiB/s, 平均速率: 0.00 MiB/s, 最高分辨率: 1920x1080, 平均帧率: 未知, 视频编解码器: 未知, 音频编解码器: 未知
分类: 📡卫视频道, 名称: 宁夏卫视, 有效: 0, IPv4: 0, IPv6: 1, 最小延迟: — ms, 最高速率: 0.00 MiB/s, 平均速率: 0.00 MiB/s, 最高分辨率: —, 平均帧率: 未知, 视频编解码器: 未知, 音频编解码器: 未知
分类: 📡卫视频道, 名称: 青海卫视, 有效: 1, IPv4: 0, IPv6: 2, 最小延迟: 12 ms, 最高速率: 3.05 MiB/s, 平均速率: 3.05 MiB/s, 最高分辨率: 1920x1080, 平均帧率: 未知, 视频编解码器: 未知, 音频编解码器: 未知
分类: 📡卫视频道, 名称: 山东卫视, 有效: 1, IPv4: 0, IPv6: 2, 最小延迟: 16 ms, 最高速率: 7.76 MiB/s, 平均速率: 7.76 MiB/s, 最高分辨率: 1920x1080, 平均帧率: 未知, 视频编解码器: 未知, 音频编解码器: 未知
分类: 📡卫视频道, 名称: 山西卫视, 有效: 0, IPv4: 0, IPv6: 1, 最小延迟: — ms, 最高速率: 0.00 MiB/s, 平均速率: 0.00 MiB/s, 最高分辨率: —, 平均帧率: 未知, 视频编解码器: 未知, 音频编解码器: 未知
分类: 📡卫视频道, 名称: 陕西卫视, 有效: 0, IPv4: 0, IPv6: 2, 最小延迟: — ms, 最高速率: 0.00 MiB/s, 平均速率: 0.00 MiB/s, 最高分辨率: 1920x1080, 平均帧率: 未知, 视频编解码器: 未知, 音频编解码器: 未知
分类: 📡卫视频道, 名称: 四川卫视, 有效: 0, IPv4: 0, IPv6: 2, 最小延迟: — ms, 最高速率: 0.00 MiB/s, 平均速率: 0.00 MiB/s, 最高分辨率: 1920x1080, 平均帧率: 未知, 视频编解码器: 未知, 音频编解码器: 未知
分类: 📡卫视频道, 名称: 深圳卫视, 有效: 1, IPv4: 1, IPv6: 2, 最小延迟: 12 ms, 最高速率: 15.26 MiB/s, 平均速率: 15.26 MiB/s, 最高分辨率: 3840x2160, 平均帧率: 未知, 视频编解码器: 未知, 音频编解码器: 未知
分类: 📡卫视频道, 名称: 天津卫视, 有效: 0, IPv4: 0, IPv6: 2, 最小延迟: — ms, 最高速率: 0.00 MiB/s, 平均速率: 0.00 MiB/s, 最高分辨率: 1920x1080, 平均帧率: 未知, 视频编解码器: 未知, 音频编解码器: 未知
分类: 📡卫视频道, 名称: 西藏卫视, 有效: 0, IPv4: 0, IPv6: 2, 最小延迟: — ms, 最高速率: 0.00 MiB/s, 平均速率: 0.00 MiB/s, 最高分辨率: 1920x1080, 平均帧率: 未知, 视频编解码器: 未知, 音频编解码器: 未知
分类: 📡卫视频道, 名称: 新疆卫视, 有效: 0, IPv4: 0, IPv6: 1, 最小延迟: — ms, 最高速率: 0.00 MiB/s, 平均速率: 0.00 MiB/s, 最高分辨率: —, 平均帧率: 未知, 视频编解码器: 未知, 音频编解码器: 未知
分类: 📡卫视频道, 名称: 云南卫视, 有效: 0, IPv4: 0, IPv6: 1, 最小延迟: — ms, 最高速率: 0.00 MiB/s, 平均速率: 0.00 MiB/s, 最高分辨率: —, 平均帧率: 未知, 视频编解码器: 未知, 音频编解码器: 未知
分类: 📡卫视频道, 名称: 三沙卫视, 有效: 1, IPv4: 0, IPv6: 1, 最小延迟: 12 ms, 最高速率: 7.42 MiB/s, 平均速率: 7.42 MiB/s, 最高分辨率: 1920x1080, 平均帧率: 未知, 视频编解码器: 未知, 音频编解码器: 未知
分类: ⛰️福建频道, 名称: 福建新闻, 有效: 0, IPv4: 0, IPv6: 1, 最小延迟: — ms, 最高速率: 0.00 MiB/s, 平均速率: 0.00 MiB/s, 最高分辨率: 1920x1080, 平均帧率: 未知, 视频编解码器: 未知, 音频编解码器: 未知
分类: ⛰️福建频道, 名称: 福建少儿, 有效: 1, IPv4: 0, IPv6: 1, 最小延迟: 12 ms, 最高速率: 7.16 MiB/s, 平均速率: 7.16 MiB/s, 最高分辨率: 1920x1080, 平均帧率: 未知, 视频编解码器: 未知, 音频编解码器: 未知
分类: ⛰️福建频道, 名称: 福建教育, 有效: 1, IPv4: 0, IPv6: 1, 最小延迟: 11 ms, 最高速率: 7.22 MiB/s, 平均速率: 7.22 MiB/s, 最高分辨率: 1920x1080, 平均帧率: 未知, 视频编解码器: 未知, 音频编解码器: 未知
分类: ☘️广东频道, 名称: 广州综合, 有效: 2, IPv4: 2, IPv6: 0, 最小延迟: 37 ms, 最高速率: 5.60 MiB/s, 平均速率: 5.06 MiB/s, 最高分辨率: 1280x720, 平均帧率: 未知, 视频编解码器: 未知, 音频编解码器: 未知
